[2m2026-01-11T13:14:32.170948Z[0m [32m INFO[0m [2mtauri_weather_checker[0m[2m:[0m Starting Weather Checker...
[2m2026-01-11T13:14:32.199387Z[0m [32m INFO[0m [2mtauri_weather_checker::database[0m[2m:[0m Database schema initialized
[2m2026-01-11T13:14:32.199715Z[0m [32m INFO[0m [2mtauri_weather_checker[0m[2m:[0m Database initialized
[2m2026-01-11T13:14:32.199925Z[0m [32m INFO[0m [2mtauri_weather_checker::scheduler[0m[2m:[0m Starting scheduler...
[2m2026-01-11T13:14:32.200751Z[0m [32m INFO[0m [2mtauri_weather_checker::scheduler[0m[2m:[0m Running initial weather check...
[2m2026-01-11T13:14:32.326615Z[0m [32m INFO[0m [2mtauri_weather_checker[0m[2m:[0m Application initialized (system tray disabled until icons are configured)
[2m2026-01-11T13:14:32.352352Z[0m [32m INFO[0m [2mtauri_weather_checker::weather_checker[0m[2m:[0m Starting weather check...
[2m2026-01-11T13:14:32.352507Z[0m [32m INFO[0m [2mtauri_weather_checker::jma_feed[0m[2m:[0m Fetching latest VPWW54 for LMO: 福島地方気象台
[2m2026-01-11T13:14:32.651457Z[0m [32m INFO[0m [2mtauri_weather_checker::jma_feed[0m[2m:[0m Found latest VPWW54 for 福島地方気象台:  (updated: 2026-01-11 13:08:29 UTC)
[2m2026-01-11T13:14:32.651836Z[0m [31mERROR[0m [2mtauri_weather_checker::scheduler[0m[2m:[0m Initial weather check failed: IO error: ディレクトリです (os error 21)
[2m2026-01-11T13:14:32.652543Z[0m [32m INFO[0m [2mtauri_weather_checker::scheduler[0m[2m:[0m Scheduled weather check every 10 minutes
[2m2026-01-11T13:14:32.652902Z[0m [32m INFO[0m [2mtauri_weather_checker::scheduler[0m[2m:[0m Scheduled cleanup daily at 01:00
